[    3440ms] Uncaught TagError: adsbygoogle.push() error: No slot size for availableWidth=0
    at Wo (https://pagead2.googlesyndication.com/pagead/js/adsbygoogle.js:162:363)
    at Vo (https://pagead2.googlesyndication.com/pagead/js/adsbygoogle.js:161:145)
    at cp (https://pagead2.googlesyndication.com/pagead/js/adsbygoogle.js:165:171)
    at kp (https://pagead2.googlesyndication.com/pagead/js/adsbygoogle.js:181:14)
    at mp (https://pagead2.googlesyndication.com/pagead/js/adsbygoogle.js:182:341)
    at zr (https://pagead2.googlesyndication.com/pagead/js/adsbygoogle.js:232:65)
    at g.client (https://pagead2.googlesyndication.com/pagead/js/adsbygoogle.js:222:46)
    at g (https://pagead2.googlesyndication.com/pagead/js/adsbygoogle.js:79:554)
    at jk (https://pagead2.googlesyndication.com/pagead/js/adsbygoogle.js:80:705)
    at ur (https://pagead2.googlesyndication.com/pagead/js/adsbygoogle.js:222:34)
    at tr (https://pagead2.googlesyndication.com/pagead/js/adsbygoogle.js:219:131)
    at <anonymous> (https://pagead2.googlesyndication.com/pagead/js/adsbygoogle.js:244:60)
    at g (https://pagead2.googlesyndication.com/pagead/js/adsbygoogle.js:79:554)
    at jk (https://pagead2.googlesyndication.com/pagead/js/adsbygoogle.js:80:705)
    at <anonymous> (https://pagead2.googlesyndication.com/pagead/js/adsbygoogle.js:242:457)
    at <anonymous> (https://pagead2.googlesyndication.com/pagead/js/adsbygoogle.js:244:119)
    at <anonymous> (https://pagead2.googlesyndication.com/pagead/js/adsbygoogle.js:246:3)
[    3443ms] Uncaught TagError: adsbygoogle.push() error: No slot size for availableWidth=0
    at Wo (https://pagead2.googlesyndication.com/pagead/js/adsbygoogle.js:162:363)
    at Vo (https://pagead2.googlesyndication.com/pagead/js/adsbygoogle.js:161:145)
    at cp (https://pagead2.googlesyndication.com/pagead/js/adsbygoogle.js:165:171)
    at kp (https://pagead2.googlesyndication.com/pagead/js/adsbygoogle.js:181:14)
    at mp (https://pagead2.googlesyndication.com/pagead/js/adsbygoogle.js:182:341)
    at zr (https://pagead2.googlesyndication.com/pagead/js/adsbygoogle.js:232:65)
    at g.client (https://pagead2.googlesyndication.com/pagead/js/adsbygoogle.js:222:46)
    at g (https://pagead2.googlesyndication.com/pagead/js/adsbygoogle.js:79:554)
    at jk (https://pagead2.googlesyndication.com/pagead/js/adsbygoogle.js:80:705)
    at ur (https://pagead2.googlesyndication.com/pagead/js/adsbygoogle.js:222:34)
    at tr (https://pagead2.googlesyndication.com/pagead/js/adsbygoogle.js:219:131)
    at <anonymous> (https://pagead2.googlesyndication.com/pagead/js/adsbygoogle.js:244:60)
    at g (https://pagead2.googlesyndication.com/pagead/js/adsbygoogle.js:79:554)
    at jk (https://pagead2.googlesyndication.com/pagead/js/adsbygoogle.js:80:705)
    at <anonymous> (https://pagead2.googlesyndication.com/pagead/js/adsbygoogle.js:242:457)
    at <anonymous> (https://pagead2.googlesyndication.com/pagead/js/adsbygoogle.js:244:119)
    at <anonymous> (https://pagead2.googlesyndication.com/pagead/js/adsbygoogle.js:246:3)
[    3446ms] Uncaught TagError: adsbygoogle.push() error: No slot size for availableWidth=0
    at Wo (https://pagead2.googlesyndication.com/pagead/js/adsbygoogle.js:162:363)
    at Vo (https://pagead2.googlesyndication.com/pagead/js/adsbygoogle.js:161:145)
    at cp (https://pagead2.googlesyndication.com/pagead/js/adsbygoogle.js:165:171)
    at kp (https://pagead2.googlesyndication.com/pagead/js/adsbygoogle.js:181:14)
    at mp (https://pagead2.googlesyndication.com/pagead/js/adsbygoogle.js:182:341)
    at zr (https://pagead2.googlesyndication.com/pagead/js/adsbygoogle.js:232:65)
    at g.client (https://pagead2.googlesyndication.com/pagead/js/adsbygoogle.js:222:46)
    at g (https://pagead2.googlesyndication.com/pagead/js/adsbygoogle.js:79:554)
    at jk (https://pagead2.googlesyndication.com/pagead/js/adsbygoogle.js:80:705)
    at ur (https://pagead2.googlesyndication.com/pagead/js/adsbygoogle.js:222:34)
    at tr (https://pagead2.googlesyndication.com/pagead/js/adsbygoogle.js:219:131)
    at <anonymous> (https://pagead2.googlesyndication.com/pagead/js/adsbygoogle.js:244:60)
    at g (https://pagead2.googlesyndication.com/pagead/js/adsbygoogle.js:79:554)
    at jk (https://pagead2.googlesyndication.com/pagead/js/adsbygoogle.js:80:705)
    at <anonymous> (https://pagead2.googlesyndication.com/pagead/js/adsbygoogle.js:242:457)
    at <anonymous> (https://pagead2.googlesyndication.com/pagead/js/adsbygoogle.js:244:119)
    at <anonymous> (https://pagead2.googlesyndication.com/pagead/js/adsbygoogle.js:246:3)
[    3450ms] Uncaught TagError: adsbygoogle.push() error: No slot size for availableWidth=0
    at Wo (https://pagead2.googlesyndication.com/pagead/js/adsbygoogle.js:162:363)
    at Vo (https://pagead2.googlesyndication.com/pagead/js/adsbygoogle.js:161:145)
    at cp (https://pagead2.googlesyndication.com/pagead/js/adsbygoogle.js:165:171)
    at kp (https://pagead2.googlesyndication.com/pagead/js/adsbygoogle.js:181:14)
    at mp (https://pagead2.googlesyndication.com/pagead/js/adsbygoogle.js:182:341)
    at zr (https://pagead2.googlesyndication.com/pagead/js/adsbygoogle.js:232:65)
    at g.client (https://pagead2.googlesyndication.com/pagead/js/adsbygoogle.js:222:46)
    at g (https://pagead2.googlesyndication.com/pagead/js/adsbygoogle.js:79:554)
    at jk (https://pagead2.googlesyndication.com/pagead/js/adsbygoogle.js:80:705)
    at ur (https://pagead2.googlesyndication.com/pagead/js/adsbygoogle.js:222:34)
    at tr (https://pagead2.googlesyndication.com/pagead/js/adsbygoogle.js:219:131)
    at <anonymous> (https://pagead2.googlesyndication.com/pagead/js/adsbygoogle.js:244:60)
    at g (https://pagead2.googlesyndication.com/pagead/js/adsbygoogle.js:79:554)
    at jk (https://pagead2.googlesyndication.com/pagead/js/adsbygoogle.js:80:705)
    at <anonymous> (https://pagead2.googlesyndication.com/pagead/js/adsbygoogle.js:242:457)
    at <anonymous> (https://pagead2.googlesyndication.com/pagead/js/adsbygoogle.js:244:119)
    at <anonymous> (https://pagead2.googlesyndication.com/pagead/js/adsbygoogle.js:246:3)
[    3453ms] Uncaught TagError: adsbygoogle.push() error: No slot size for availableWidth=0
    at Wo (https://pagead2.googlesyndication.com/pagead/js/adsbygoogle.js:162:363)
    at Vo (https://pagead2.googlesyndication.com/pagead/js/adsbygoogle.js:161:145)
    at cp (https://pagead2.googlesyndication.com/pagead/js/adsbygoogle.js:165:171)
    at kp (https://pagead2.googlesyndication.com/pagead/js/adsbygoogle.js:181:14)
    at mp (https://pagead2.googlesyndication.com/pagead/js/adsbygoogle.js:182:341)
    at zr (https://pagead2.googlesyndication.com/pagead/js/adsbygoogle.js:232:65)
    at g.client (https://pagead2.googlesyndication.com/pagead/js/adsbygoogle.js:222:46)
    at g (https://pagead2.googlesyndication.com/pagead/js/adsbygoogle.js:79:554)
    at jk (https://pagead2.googlesyndication.com/pagead/js/adsbygoogle.js:80:705)
    at ur (https://pagead2.googlesyndication.com/pagead/js/adsbygoogle.js:222:34)
    at tr (https://pagead2.googlesyndication.com/pagead/js/adsbygoogle.js:219:131)
    at <anonymous> (https://pagead2.googlesyndication.com/pagead/js/adsbygoogle.js:244:60)
    at g (https://pagead2.googlesyndication.com/pagead/js/adsbygoogle.js:79:554)
    at jk (https://pagead2.googlesyndication.com/pagead/js/adsbygoogle.js:80:705)
    at <anonymous> (https://pagead2.googlesyndication.com/pagead/js/adsbygoogle.js:242:457)
    at <anonymous> (https://pagead2.googlesyndication.com/pagead/js/adsbygoogle.js:244:119)
    at <anonymous> (https://pagead2.googlesyndication.com/pagead/js/adsbygoogle.js:246:3)
[    3457ms] Uncaught TagError: adsbygoogle.push() error: No slot size for availableWidth=0
    at Wo (https://pagead2.googlesyndication.com/pagead/js/adsbygoogle.js:162:363)
    at Vo (https://pagead2.googlesyndication.com/pagead/js/adsbygoogle.js:161:145)
    at cp (https://pagead2.googlesyndication.com/pagead/js/adsbygoogle.js:165:171)
    at kp (https://pagead2.googlesyndication.com/pagead/js/adsbygoogle.js:181:14)
    at mp (https://pagead2.googlesyndication.com/pagead/js/adsbygoogle.js:182:341)
    at zr (https://pagead2.googlesyndication.com/pagead/js/adsbygoogle.js:232:65)
    at g.client (https://pagead2.googlesyndication.com/pagead/js/adsbygoogle.js:222:46)
    at g (https://pagead2.googlesyndication.com/pagead/js/adsbygoogle.js:79:554)
    at jk (https://pagead2.googlesyndication.com/pagead/js/adsbygoogle.js:80:705)
    at ur (https://pagead2.googlesyndication.com/pagead/js/adsbygoogle.js:222:34)
    at tr (https://pagead2.googlesyndication.com/pagead/js/adsbygoogle.js:219:131)
    at <anonymous> (https://pagead2.googlesyndication.com/pagead/js/adsbygoogle.js:244:60)
    at g (https://pagead2.googlesyndication.com/pagead/js/adsbygoogle.js:79:554)
    at jk (https://pagead2.googlesyndication.com/pagead/js/adsbygoogle.js:80:705)
    at <anonymous> (https://pagead2.googlesyndication.com/pagead/js/adsbygoogle.js:242:457)
    at <anonymous> (https://pagead2.googlesyndication.com/pagead/js/adsbygoogle.js:244:119)
    at <anonymous> (https://pagead2.googlesyndication.com/pagead/js/adsbygoogle.js:246:3)
[    6499ms] [ERROR] Attestation check for Attribution Reporting on https://ad.doubleclick.net failed. @ https://practice.automationtesting.in/shop/:0
[    6852ms] [ERROR] Attestation check for Attribution Reporting on https://ad.doubleclick.net failed. @ https://practice.automationtesting.in/shop/:0
[    7455ms] [ERROR] Attestation check for Shared Storage on https://www.googleadservices.com failed. @ https://www.googleadservices.com/pagead/managed/js/activeview/current/reach_worklet.html:0
[    9713ms] [ERROR] Failed to load resource: the server responded with a status of 404 () @ https://practice.automationtesting.in/wp-content/uploads/2016/12/color-logo-original.png:0
